=====================================
Test of node2vec_walk_dfs()
node :  1
walk :  [1, 2, 4, 2, 5]
node :  2
walk :  [2, 1, 3, 6, 3]
node :  3
walk :  [3, 1, 2, 4, 2]
node :  4
walk :  [4, 2, 1, 3, 6]
node :  5
walk :  [5, 2, 1, 3, 6]
node :  6
walk :  [6, 3, 1, 2, 4]
node :  7
walk :  [7, 3, 1, 2, 4]
=====================================

=====================================
Test of train_skipgram()
First element of node 5's embedding: 
0.88129
=====================================

